123456789|123456789|123456789|123456789|123456789|123456789|123456789|12

Lorem ipsum dolor sit amet, consectetur adipiscing elit. Maecenas vitae 
magna aliquet dapibus. Donec augue libero, commodo ac eleifend sed, ultr
cursus ac, adipiscing eu metus. Sed cursus enim et metus sodales ornare.
Duis nec neque eu metus venenatis vestibulum. Aenean arcu arcu, sceleris
Nam eleifend rutrum tellus ac venenatis.

Ut vel orci id nisl sagittis feugiat. Praesent auctor tincidunt lacus ut
litora torquent per conubia nostra, per inceptos himenaeos. Morbi pulvin
vehicula. In lobortis rutrum rhoncus. Praesent leo risus, dignissim vel 
volutpat porttitor nibh id ullamcorper. Ut ultrices varius dui, molestie
posuere dui condimentum imperdiet. Mauris feugiat consectetur euismod. I
Praesent imperdiet auctor tincidunt.

Pellentesque suscipit purus a neque pretium ac laoreet felis cursus. Ali
nibh condimentum. Cum sociis natoque penatibus et magnis dis parturient 
rutrum risus. Duis faucibus nisi et ante tincidunt pharetra. Sed tincidu
pretium tellus, eu rhoncus ipsum augue ut augue. Morbi ut bibendum ante.
condimentum pulvinar vitae quam. Class aptent taciti sociosqu ad litora 
himenaeos. Aliquam nec mi quam, eu dictum magna.

Vestibulum ante ipsum primis in faucibus orci luctus et ultrices posuere
euismod. Curabitur facilisis turpis ac nunc imperdiet id ultrices risus 
amet commodo. Proin eget dolor velit. Nullam fermentum, nulla vel pellen
vitae vehicula purus mauris at enim. Maecenas iaculis, dui ac auctor lob
urna magna a mauris. Proin sed nibh in mi rhoncus consectetur id in nequ

Vivamus facilisis consequat neque a cursus. Curabitur cursus bibendum es
Morbi suscipit mi et dolor fermentum fermentum. Duis orci dui, varius si
scelerisque mauris eu purus rhoncus viverra. Sed ipsum erat, dignissim c
aptent taciti sociosqu ad litora torquent per conubia nostra, per incept
placerat pretium eget, congue a nisl. Integer malesuada facilisis elit a

Suspendisse ultrices vulputate faucibus. Praesent nec dolor tortor, blan
Praesent varius egestas iaculis. Sed vestibulum libero id odio laoreet u
tempus eu egestas vitae, pulvinar sed nulla. Praesent tortor erat, venen
Curabitur fringilla dapibus ante eget egestas. Nulla at metus erat. Cura

Morbi metus odio, rutrum quis pellentesque vitae, tempus ac eros. Mauris
ornare libero, eu venenatis urna ante sed ante. Proin euismod libero ele
non turpis id lorem feugiat pretium eu vitae dolor. Morbi metus lectus, 
justo. Vivamus vel metus id massa tempor cursus. Suspendisse malesuada e
Pellentesque habitant morbi tristique senectus et netus et malesuada fam
risus porta eu venenatis mauris ullamcorper. Phasellus eget leo non puru
suscipit placerat ullamcorper ut risus.

Proin vel metus nisl. Phasellus dignissim condimentum lectus, luctus por
nisi fermentum blandit nec sit amet augue. Vivamus vitae nisl a odio bla
vulputate tellus ac commodo. Maecenas magna nulla, fermentum in interdum
egestas viverra vitae id metus. Sed ante arcu, sodales eu laoreet sed, d

